<?xml version="1.0" encoding="UTF-8"?>
<urlset xmlns="http://www.sitemaps.org/schemas/sitemap/0.9">
  <url><loc>https://flowfin.dev/</loc></url>
  <url><loc>https://flowfin.dev/design-system.html</loc></url>
  <url><loc>https://flowfin.dev/install/</loc></url>
  <url><loc>https://flowfin.dev/legal/</loc></url>
  <url><loc>https://flowfin.dev/plugins/a-row-whose-identifier-is-as-long-as-one-here-ever-gets/</loc></url>
  <url><loc>https://flowfin.dev/plugins/a/</loc></url>
  <url><loc>https://flowfin.dev/plugins/declared-shell-and-shipping/</loc></url>
  <url><loc>https://flowfin.dev/plugins/markup/</loc></url>
  <url><loc>https://flowfin.dev/plugins/one-prerelease/</loc></url>
  <url><loc>https://flowfin.dev/plugins/outside-ascii/</loc></url>
  <url><loc>https://flowfin.dev/privacy/</loc></url>
</urlset>
